# = Character
include = Identifier
< = RelationalOp
stdio = Identifier
. = Character
h = Identifier
> = RelationalOp
int = DataTypes
altura = Identifier
, = Character
i = Identifier
, = Character
j = Identifier
; = EndSentence
float = DataTypes
x = Identifier
, = Character
y = Identifier
; = EndSentence
void = Identifier
main = Reserved
( = Character
) = Character
{ = Start
y = Identifier
= = Assignment
10 = Number
; = EndSentence
x = Identifier
= = Assignment
( = Character
3 = Number
+ = TermOp
5 = Number
) = Character
* = FactorOp
8 = Number
- = TermOp
( = Character
10 = Number
- = TermOp
4 = Number
) = Character
/ = FactorOp
2 = Number
; = EndSentence
x = Identifier
-- = IncreaseTerm
; = EndSentence
x = Identifier
+= = IncreaseTerm
40 = Number
[!] Syntax: [11] Waiting For ;
